09/03/25 14:48:16 ******************************************************
09/03/25 14:48:16 ** condor_scheduniv_exec.2630114.0 (CONDOR_DAGMAN) STARTING UP
09/03/25 14:48:16 ** /usr/bin/condor_dagman
09/03/25 14:48:16 ** SubsystemInfo: name=DAGMAN type=DAGMAN(9) class=CLIENT(2)
09/03/25 14:48:16 ** Configuration: subsystem:DAGMAN local:<NONE> class:CLIENT
09/03/25 14:48:16 ** $CondorVersion: 24.11.2 2025-08-21 BuildID: 827416 PackageID: 24.11.2-1+deb12 GitSHA: a2297d25 $
09/03/25 14:48:16 ** $CondorPlatform: X86_64-Debian_12 $
09/03/25 14:48:16 ** PID = 1439842 RealUID = 10896
09/03/25 14:48:16 ** Log last touched time unavailable (No such file or directory)
09/03/25 14:48:16 ******************************************************
09/03/25 14:48:16 Using config source: /etc/condor/condor_config
09/03/25 14:48:16 Using local config sources: 
09/03/25 14:48:16    /etc/condor/config.d/00-security
09/03/25 14:48:16    /etc/condor/config.d/01-submit.config
09/03/25 14:48:16    /etc/condor/config.d/10-stash-plugin.conf
09/03/25 14:48:16    /etc/condor/config.d/49-common.config
09/03/25 14:48:16    /etc/condor/config.d/50-security.config
09/03/25 14:48:16    /etc/condor/config.d/60-job-container.config
09/03/25 14:48:16    /etc/condor/config.d/61-job-categories.config
09/03/25 14:48:16    /etc/condor/config.d/62-job-accounting-group.config
09/03/25 14:48:16    /etc/condor/config.d/96-concurrency-transform.config
09/03/25 14:48:16    /etc/condor/config.d/97-sign-attrs.config
09/03/25 14:48:16    /etc/condor/config.d/99-curbstomp.config
09/03/25 14:48:16    /etc/condor/condor_config.local
09/03/25 14:48:16 config Macros = 155, Sorted = 155, StringBytes = 12238, TablesBytes = 5708
09/03/25 14:48:16 CLASSAD_CACHING is ENABLED
09/03/25 14:48:16 Daemon Log is logging: D_ALWAYS D_ERROR D_STATUS
09/03/25 14:48:16 Daemoncore: Listening at <0.0.0.0:26989> on TCP (ReliSock) and UDP (SafeSock).
09/03/25 14:48:16 Daemoncore: Listening at <[::]:26989> on TCP (ReliSock) and UDP (SafeSock).
09/03/25 14:48:16 DaemonCore: command socket at <145.107.7.246:26989?addrs=145.107.7.246-26989+[2a07-8500-120-e070--3f6]-26989&alias=taai-007.nikhef.nl>
09/03/25 14:48:16 DaemonCore: private command socket at <145.107.7.246:26989?addrs=145.107.7.246-26989+[2a07-8500-120-e070--3f6]-26989&alias=taai-007.nikhef.nl>
09/03/25 14:48:16 DAGMAN_USE_STRICT setting: 1
09/03/25 14:48:16 DAGMAN_VERBOSITY setting: 3
09/03/25 14:48:16 DAGMAN_DEBUG_CACHE_SIZE setting: 5242880
09/03/25 14:48:16 DAGMAN_DEBUG_CACHE_ENABLE setting: False
09/03/25 14:48:16 DAGMAN_SUBMIT_DELAY setting: 0
09/03/25 14:48:16 DAGMAN_MAX_SUBMIT_ATTEMPTS setting: 6
09/03/25 14:48:16 DAGMAN_STARTUP_CYCLE_DETECT setting: False
09/03/25 14:48:16 DAGMAN_USE_JOIN_NODES setting: True
09/03/25 14:48:16 DAGMAN_REPORT_GRAPH_METRICS setting: False
09/03/25 14:48:16 DAGMAN_MAX_SUBMITS_PER_INTERVAL setting: 100
09/03/25 14:48:16 DAGMAN_AGGRESSIVE_SUBMIT setting: False
09/03/25 14:48:16 DAGMAN_USER_LOG_SCAN_INTERVAL setting: 5
09/03/25 14:48:16 DAGMAN_QUEUE_UPDATE_INTERVAL setting: 300.000000
09/03/25 14:48:16 DAGMAN_DEFAULT_PRIORITY setting: 0
09/03/25 14:48:16 DAGMAN_SUPPRESS_NOTIFICATION setting: False
09/03/25 14:48:16 allow_events (DAGMAN_ALLOW_EVENTS) setting: 114
09/03/25 14:48:16 DAGMAN_RETRY_SUBMIT_FIRST setting: True
09/03/25 14:48:16 DAGMAN_RETRY_NODE_FIRST setting: False
09/03/25 14:48:16 DAGMAN_MAX_JOBS_IDLE setting: 1000
09/03/25 14:48:16 DAGMAN_MAX_JOBS_SUBMITTED setting: 0
09/03/25 14:48:16 DAGMAN_MAX_PRE_SCRIPTS setting: 20
09/03/25 14:48:16 DAGMAN_MAX_POST_SCRIPTS setting: 20
09/03/25 14:48:16 DAGMAN_MAX_HOLD_SCRIPTS setting: 20
09/03/25 14:48:16 DAGMAN_MUNGE_NODE_NAMES setting: True
09/03/25 14:48:16 DAGMAN_ALLOW_ANY_NODE_NAME_CHARACTERS setting: False
09/03/25 14:48:16 DAGMAN_PROHIBIT_MULTI_JOBS setting: False
09/03/25 14:48:16 DAGMAN_SUBMIT_DEPTH_FIRST setting: False
09/03/25 14:48:16 DAGMAN_ALWAYS_RUN_POST setting: False
09/03/25 14:48:16 DAGMAN_CONDOR_SUBMIT_EXE setting: /usr/bin/condor_submit
09/03/25 14:48:16 DAGMAN_CONDOR_RM_EXE setting: /usr/bin/condor_rm
09/03/25 14:48:16 DAGMAN_USE_DIRECT_SUBMIT setting: True
09/03/25 14:48:16 DAGMAN_PRODUCE_JOB_CREDENTIALS setting: True
09/03/25 14:48:16 DAGMAN_DEFAULT_APPEND_VARS setting: False
09/03/25 14:48:16 DAGMAN_INHERIT_ATTRS_PREFIX setting: 
09/03/25 14:48:16 DAGMAN_INHERIT_ATTRS setting: 
09/03/25 14:48:16 DAGMAN_ABORT_DUPLICATES setting: True
09/03/25 14:48:16 DAGMAN_ABORT_ON_SCARY_SUBMIT setting: True
09/03/25 14:48:16 DAGMAN_PENDING_REPORT_INTERVAL setting: 600
09/03/25 14:48:16 DAGMAN_CHECK_QUEUE_INTERVAL setting: 28800
09/03/25 14:48:16 DAGMAN_PRINT_JOB_TABLE_INTERVAL setting: 900
09/03/25 14:48:16 DAGMAN_AUTO_RESCUE setting: True
09/03/25 14:48:16 DAGMAN_MAX_RESCUE_NUM setting: 100
09/03/25 14:48:16 DAGMAN_WRITE_PARTIAL_RESCUE setting: True
09/03/25 14:48:16 DAGMAN_RESET_RETRIES_UPON_RESCUE setting: True
09/03/25 14:48:16 DAGMAN_METRICS_FILE_VERSION setting: 2
09/03/25 14:48:16 DAGMAN_DEFAULT_NODE_LOG setting: @(DAG_DIR)/@(DAG_FILE).nodes.log
09/03/25 14:48:16 DAGMAN_LOG_ON_NFS_IS_ERROR setting: False
09/03/25 14:48:16 DAGMAN_GENERATE_SUBDAG_SUBMITS setting: True
09/03/25 14:48:16 DAGMAN_MAX_JOB_HOLDS setting: 100
09/03/25 14:48:16 DAGMAN_NODE_JOB_FAILURE_TOLERANCE setting: 0
09/03/25 14:48:16 DAGMAN_HOLD_CLAIM_TIME setting: 20
09/03/25 14:48:16 DAGMAN_SUPPRESS_JOB_LOGS setting: False
09/03/25 14:48:16 DAGMAN_REMOVE_NODE_JOBS setting: True
09/03/25 14:48:16 DAGMAN_PUT_FAILED_JOBS_ON_HOLD setting: False
09/03/25 14:48:16 DAGMAN_REMOVE_JOBS_AFTER_LIMIT_CHANGE setting: False
09/03/25 14:48:16 DAGMAN will adjust edges after parsing
09/03/25 14:48:16 argv[0] == "condor_scheduniv_exec.2630114.0"
09/03/25 14:48:16 argv[1] == "-Lockfile"
09/03/25 14:48:16 argv[2] == "outdir/submit/dag_G1124251.submit.lock"
09/03/25 14:48:16 argv[3] == "-Dag"
09/03/25 14:48:16 argv[4] == "outdir/submit/dag_G1124251.submit"
09/03/25 14:48:16 argv[5] == "-CsdVersion"
09/03/25 14:48:16 argv[6] == "$CondorVersion: 24.11.2 2025-08-21 BuildID: 827416 PackageID: 24.11.2-1 GitSHA: a2297d25 $"
09/03/25 14:48:16 argv[7] == "-dagman"
09/03/25 14:48:16 argv[8] == "/bin/condor_dagman"
09/03/25 14:48:16 argv[9] == "-AutoRescue"
09/03/25 14:48:16 argv[10] == "1"
09/03/25 14:48:16 argv[11] == "-DoRescueFrom"
09/03/25 14:48:16 argv[12] == "0"
09/03/25 14:48:16 argv[13] == "-include_env"
09/03/25 14:48:16 argv[14] == "HTGETTOKENOPTS"
09/03/25 14:48:16 Can't open directory "/etc/condor/passwords.d" as PRIV_ROOT, errno: 13 (Permission denied)
09/03/25 14:48:16 Can't open directory "/etc/condor/passwords.d" as PRIV_ROOT, errno: 13 (Permission denied)
09/03/25 14:48:16 Workflow batch-id: <2630114.0>
09/03/25 14:48:16 Workflow batch-name: <dag_G1124251.submit+2630114>
09/03/25 14:48:16 Workflow accounting_group: <>
09/03/25 14:48:16 Workflow accounting_group_user: <twouters>
09/03/25 14:48:16 Warning: failed to get attribute DAGNodeName
09/03/25 14:48:16 Default node log file is: </data/gravwav/twouters/projects/master-thesis-marlinde/G1124251/pe/test/outdir/submit/dag_G1124251.submit.nodes.log>
09/03/25 14:48:16 DAG Lockfile will be written to outdir/submit/dag_G1124251.submit.lock
09/03/25 14:48:16 DAG Input file is outdir/submit/dag_G1124251.submit
09/03/25 14:48:16 Parsing 1 dagfiles
09/03/25 14:48:16 Parsing outdir/submit/dag_G1124251.submit ...
09/03/25 14:48:16 Adjusting edges
09/03/25 14:48:16 Dag contains 3 total nodes
09/03/25 14:48:16 Bootstrapping...
09/03/25 14:48:16 Number of pre-completed nodes: 0
09/03/25 14:48:16 MultiLogFiles: truncating log file /data/gravwav/twouters/projects/master-thesis-marlinde/G1124251/pe/test/outdir/submit/dag_G1124251.submit.nodes.log
09/03/25 14:48:16 DAG status: 0 (DAG_STATUS_OK)
09/03/25 14:48:16 Of 3 nodes total:
09/03/25 14:48:16  Done     Pre   Queued    Post   Ready   Un-Ready   Failed   Futile
09/03/25 14:48:16   ===     ===      ===     ===     ===        ===      ===      ===
09/03/25 14:48:16     0       0        0       0       1          2        0        0
09/03/25 14:48:16 0 job proc(s) currently held
09/03/25 14:48:16 DAGMan Runtime Statistics: [EventCycleTimeSum=0.000; SleepCycleTimeSum=0.000; SubmitCycleTimeSum=0.000; EventCycleTimeCount=0.000; SleepCycleTimeCount=0.000; SubmitCycleTimeCount=0.000; LogProcessCycleTimeSum=0.000; LogProcessCycleTimeCount=0.000; ]
09/03/25 14:48:16 Registering condor_event_timer...
09/03/25 14:48:17 Submitting HTCondor Node G1124251_data0_1372281638-2548172_generation_arg_0 job(s)...
09/03/25 14:48:17 Submitting node G1124251_data0_1372281638-2548172_generation_arg_0 from file outdir/submit/G1124251_data0_1372281638-2548172_generation.submit using direct job submission
09/03/25 14:48:17 	assigned HTCondor ID (2630115.0.0)
09/03/25 14:48:17 Just submitted 1 job this cycle...
09/03/25 14:48:17 DAG status: 0 (DAG_STATUS_OK)
09/03/25 14:48:17 Of 3 nodes total:
09/03/25 14:48:17  Done     Pre   Queued    Post   Ready   Un-Ready   Failed   Futile
09/03/25 14:48:17   ===     ===      ===     ===     ===        ===      ===      ===
09/03/25 14:48:17     0       0        1       0       0          2        0        0
09/03/25 14:48:17 0 job proc(s) currently held
09/03/25 14:48:17 DAGMan Runtime Statistics: [EventCycleTimeSum=0.000; SleepCycleTimeSum=0.000; SubmitCycleTimeAvg=0.024; SubmitCycleTimeMax=0.024; SubmitCycleTimeMin=0.024; SubmitCycleTimeStd=0.024; SubmitCycleTimeSum=0.024; EventCycleTimeCount=0.000; SleepCycleTimeCount=0.000; SubmitCycleTimeCount=1.000; LogProcessCycleTimeSum=0.000; LogProcessCycleTimeCount=0.000; ]
09/03/25 14:48:22 Currently monitoring 1 HTCondor log file(s)
09/03/25 14:48:22 Reassigning the id of job G1124251_data0_1372281638-2548172_generation_arg_0 from (2630115.0.0) to (2630115.0.0)
09/03/25 14:48:22 Event: ULOG_SUBMIT for HTCondor Node G1124251_data0_1372281638-2548172_generation_arg_0 (2630115.0.0) {09/03/25 14:48:17}
09/03/25 14:48:22 Number of idle job procs: 1
09/03/25 14:48:42 Currently monitoring 1 HTCondor log file(s)
09/03/25 14:48:42 Event: ULOG_EXECUTE for HTCondor Node G1124251_data0_1372281638-2548172_generation_arg_0 (2630115.0.0) {09/03/25 14:48:38}
09/03/25 14:48:42 Number of idle job procs: 0
09/03/25 14:49:22 Currently monitoring 1 HTCondor log file(s)
09/03/25 14:49:22 Event: ULOG_JOB_TERMINATED for HTCondor Node G1124251_data0_1372281638-2548172_generation_arg_0 (2630115.0.0) {09/03/25 14:49:21}
09/03/25 14:49:22 Number of idle job procs: 0
09/03/25 14:49:22 Node G1124251_data0_1372281638-2548172_generation_arg_0 job proc (2630115.0.0) completed successfully.
09/03/25 14:49:22 Node G1124251_data0_1372281638-2548172_generation_arg_0 job(s) have exited the queue
09/03/25 14:49:22 DAG status: 0 (DAG_STATUS_OK)
09/03/25 14:49:22 Of 3 nodes total:
09/03/25 14:49:22  Done     Pre   Queued    Post   Ready   Un-Ready   Failed   Futile
09/03/25 14:49:22   ===     ===      ===     ===     ===        ===      ===      ===
09/03/25 14:49:22     1       0        0       0       1          1        0        0
09/03/25 14:49:22 0 job proc(s) currently held
09/03/25 14:49:22 DAGMan Runtime Statistics: [EventCycleTimeAvg=0.003; EventCycleTimeMax=0.027; EventCycleTimeMin=0.000; EventCycleTimeStd=0.008; EventCycleTimeSum=0.037; SleepCycleTimeAvg=5.005; SleepCycleTimeMax=5.007; SleepCycleTimeMin=5.002; SleepCycleTimeStd=0.001; SleepCycleTimeSum=65.065; SubmitCycleTimeAvg=0.002; SubmitCycleTimeMax=0.024; SubmitCycleTimeMin=0.000; SubmitCycleTimeStd=0.007; SubmitCycleTimeSum=0.024; EventCycleTimeCount=13.000; SleepCycleTimeCount=13.000; SubmitCycleTimeCount=14.000; LogProcessCycleTimeAvg=0.003; LogProcessCycleTimeMax=0.004; LogProcessCycleTimeMin=0.002; LogProcessCycleTimeStd=0.001; LogProcessCycleTimeSum=0.008; LogProcessCycleTimeCount=3.000; ]
09/03/25 14:49:27 Submitting HTCondor Node G1124251_data0_1372281638-2548172_analysis_L1_arg_0 job(s)...
09/03/25 14:49:27 Submitting node G1124251_data0_1372281638-2548172_analysis_L1_arg_0 from file outdir/submit/G1124251_data0_1372281638-2548172_analysis_L1.submit using direct job submission
09/03/25 14:49:27 	assigned HTCondor ID (2630116.0.0)
09/03/25 14:49:27 Just submitted 1 job this cycle...
09/03/25 14:49:27 DAG status: 0 (DAG_STATUS_OK)
09/03/25 14:49:27 Of 3 nodes total:
09/03/25 14:49:27  Done     Pre   Queued    Post   Ready   Un-Ready   Failed   Futile
09/03/25 14:49:27   ===     ===      ===     ===     ===        ===      ===      ===
09/03/25 14:49:27     1       0        1       0       0          1        0        0
09/03/25 14:49:27 0 job proc(s) currently held
09/03/25 14:49:27 DAGMan Runtime Statistics: [EventCycleTimeAvg=0.003; EventCycleTimeMax=0.027; EventCycleTimeMin=0.000; EventCycleTimeStd=0.007; EventCycleTimeSum=0.043; SleepCycleTimeAvg=5.005; SleepCycleTimeMax=5.007; SleepCycleTimeMin=5.002; SleepCycleTimeStd=0.001; SleepCycleTimeSum=70.070; SubmitCycleTimeAvg=0.003; SubmitCycleTimeMax=0.024; SubmitCycleTimeMin=0.000; SubmitCycleTimeStd=0.007; SubmitCycleTimeSum=0.038; EventCycleTimeCount=14.000; SleepCycleTimeCount=14.000; SubmitCycleTimeCount=15.000; LogProcessCycleTimeAvg=0.003; LogProcessCycleTimeMax=0.004; LogProcessCycleTimeMin=0.002; LogProcessCycleTimeStd=0.001; LogProcessCycleTimeSum=0.008; LogProcessCycleTimeCount=3.000; ]
09/03/25 14:49:32 Currently monitoring 1 HTCondor log file(s)
09/03/25 14:49:32 Reassigning the id of job G1124251_data0_1372281638-2548172_analysis_L1_arg_0 from (2630116.0.0) to (2630116.0.0)
09/03/25 14:49:32 Event: ULOG_SUBMIT for HTCondor Node G1124251_data0_1372281638-2548172_analysis_L1_arg_0 (2630116.0.0) {09/03/25 14:49:27}
09/03/25 14:49:32 Number of idle job procs: 1
09/03/25 14:49:42 Currently monitoring 1 HTCondor log file(s)
09/03/25 14:49:42 Event: ULOG_EXECUTE for HTCondor Node G1124251_data0_1372281638-2548172_analysis_L1_arg_0 (2630116.0.0) {09/03/25 14:49:38}
09/03/25 14:49:42 Number of idle job procs: 0
09/03/25 14:59:43 601 seconds since last log event
09/03/25 14:59:43 Pending DAG nodes:
09/03/25 14:59:43   Node G1124251_data0_1372281638-2548172_analysis_L1_arg_0, HTCondor ID 2630116, status STATUS_SUBMITTED
09/03/25 15:03:18 Total jobs placed to AP: 2
09/03/25 15:03:18      Idle     Held     Running     Successful     Failed
09/03/25 15:03:18       ===      ===         ===            ===        ===
09/03/25 15:03:18         0        0           1              1          0
09/03/25 15:09:43 1201 seconds since last log event
09/03/25 15:09:43 Pending DAG nodes:
09/03/25 15:09:43   Node G1124251_data0_1372281638-2548172_analysis_L1_arg_0, HTCondor ID 2630116, status STATUS_SUBMITTED
09/03/25 15:18:19 Total jobs placed to AP: 2
09/03/25 15:18:19      Idle     Held     Running     Successful     Failed
09/03/25 15:18:19       ===      ===         ===            ===        ===
09/03/25 15:18:19         0        0           1              1          0
09/03/25 15:19:44 1802 seconds since last log event
09/03/25 15:19:44 Pending DAG nodes:
09/03/25 15:19:44   Node G1124251_data0_1372281638-2548172_analysis_L1_arg_0, HTCondor ID 2630116, status STATUS_SUBMITTED
09/03/25 15:29:45 2403 seconds since last log event
09/03/25 15:29:45 Pending DAG nodes:
09/03/25 15:29:45   Node G1124251_data0_1372281638-2548172_analysis_L1_arg_0, HTCondor ID 2630116, status STATUS_SUBMITTED
09/03/25 15:33:20 Total jobs placed to AP: 2
09/03/25 15:33:20      Idle     Held     Running     Successful     Failed
09/03/25 15:33:20       ===      ===         ===            ===        ===
09/03/25 15:33:20         0        0           1              1          0
09/03/25 15:39:45 3003 seconds since last log event
09/03/25 15:39:45 Pending DAG nodes:
09/03/25 15:39:45   Node G1124251_data0_1372281638-2548172_analysis_L1_arg_0, HTCondor ID 2630116, status STATUS_SUBMITTED
09/03/25 15:48:21 Total jobs placed to AP: 2
09/03/25 15:48:21      Idle     Held     Running     Successful     Failed
09/03/25 15:48:21       ===      ===         ===            ===        ===
09/03/25 15:48:21         0        0           1              1          0
09/03/25 15:49:46 3604 seconds since last log event
09/03/25 15:49:46 Pending DAG nodes:
09/03/25 15:49:46   Node G1124251_data0_1372281638-2548172_analysis_L1_arg_0, HTCondor ID 2630116, status STATUS_SUBMITTED
09/03/25 15:59:47 4205 seconds since last log event
09/03/25 15:59:47 Pending DAG nodes:
09/03/25 15:59:47   Node G1124251_data0_1372281638-2548172_analysis_L1_arg_0, HTCondor ID 2630116, status STATUS_SUBMITTED
09/03/25 16:03:22 Total jobs placed to AP: 2
09/03/25 16:03:22      Idle     Held     Running     Successful     Failed
09/03/25 16:03:22       ===      ===         ===            ===        ===
09/03/25 16:03:22         0        0           1              1          0
09/03/25 16:09:47 4805 seconds since last log event
09/03/25 16:09:47 Pending DAG nodes:
09/03/25 16:09:47   Node G1124251_data0_1372281638-2548172_analysis_L1_arg_0, HTCondor ID 2630116, status STATUS_SUBMITTED
09/03/25 16:18:23 Total jobs placed to AP: 2
09/03/25 16:18:23      Idle     Held     Running     Successful     Failed
09/03/25 16:18:23       ===      ===         ===            ===        ===
09/03/25 16:18:23         0        0           1              1          0
09/03/25 16:19:48 5406 seconds since last log event
09/03/25 16:19:48 Pending DAG nodes:
09/03/25 16:19:48   Node G1124251_data0_1372281638-2548172_analysis_L1_arg_0, HTCondor ID 2630116, status STATUS_SUBMITTED
09/03/25 16:29:48 6006 seconds since last log event
09/03/25 16:29:48 Pending DAG nodes:
09/03/25 16:29:48   Node G1124251_data0_1372281638-2548172_analysis_L1_arg_0, HTCondor ID 2630116, status STATUS_SUBMITTED
09/03/25 16:33:24 Total jobs placed to AP: 2
09/03/25 16:33:24      Idle     Held     Running     Successful     Failed
09/03/25 16:33:24       ===      ===         ===            ===        ===
09/03/25 16:33:24         0        0           1              1          0
09/03/25 16:39:49 6607 seconds since last log event
09/03/25 16:39:49 Pending DAG nodes:
09/03/25 16:39:49   Node G1124251_data0_1372281638-2548172_analysis_L1_arg_0, HTCondor ID 2630116, status STATUS_SUBMITTED
09/03/25 16:48:25 Total jobs placed to AP: 2
09/03/25 16:48:25      Idle     Held     Running     Successful     Failed
09/03/25 16:48:25       ===      ===         ===            ===        ===
09/03/25 16:48:25         0        0           1              1          0
09/03/25 16:49:50 7208 seconds since last log event
09/03/25 16:49:50 Pending DAG nodes:
09/03/25 16:49:50   Node G1124251_data0_1372281638-2548172_analysis_L1_arg_0, HTCondor ID 2630116, status STATUS_SUBMITTED
09/03/25 16:59:50 7808 seconds since last log event
09/03/25 16:59:50 Pending DAG nodes:
09/03/25 16:59:50   Node G1124251_data0_1372281638-2548172_analysis_L1_arg_0, HTCondor ID 2630116, status STATUS_SUBMITTED
09/03/25 17:03:26 Total jobs placed to AP: 2
09/03/25 17:03:26      Idle     Held     Running     Successful     Failed
09/03/25 17:03:26       ===      ===         ===            ===        ===
09/03/25 17:03:26         0        0           1              1          0
09/03/25 17:09:51 8409 seconds since last log event
09/03/25 17:09:51 Pending DAG nodes:
09/03/25 17:09:51   Node G1124251_data0_1372281638-2548172_analysis_L1_arg_0, HTCondor ID 2630116, status STATUS_SUBMITTED
09/03/25 17:18:27 Total jobs placed to AP: 2
09/03/25 17:18:27      Idle     Held     Running     Successful     Failed
09/03/25 17:18:27       ===      ===         ===            ===        ===
09/03/25 17:18:27         0        0           1              1          0
09/03/25 17:19:52 9010 seconds since last log event
09/03/25 17:19:52 Pending DAG nodes:
09/03/25 17:19:52   Node G1124251_data0_1372281638-2548172_analysis_L1_arg_0, HTCondor ID 2630116, status STATUS_SUBMITTED
09/03/25 17:29:52 9610 seconds since last log event
09/03/25 17:29:52 Pending DAG nodes:
09/03/25 17:29:52   Node G1124251_data0_1372281638-2548172_analysis_L1_arg_0, HTCondor ID 2630116, status STATUS_SUBMITTED
09/03/25 17:33:28 Total jobs placed to AP: 2
09/03/25 17:33:28      Idle     Held     Running     Successful     Failed
09/03/25 17:33:28       ===      ===         ===            ===        ===
09/03/25 17:33:28         0        0           1              1          0
09/03/25 17:37:28 Currently monitoring 1 HTCondor log file(s)
09/03/25 17:37:28 Event: ULOG_JOB_TERMINATED for HTCondor Node G1124251_data0_1372281638-2548172_analysis_L1_arg_0 (2630116.0.0) {09/03/25 17:37:24}
09/03/25 17:37:28 Number of idle job procs: 0
09/03/25 17:37:28 Node G1124251_data0_1372281638-2548172_analysis_L1_arg_0 job proc (2630116.0.0) completed successfully.
09/03/25 17:37:28 Node G1124251_data0_1372281638-2548172_analysis_L1_arg_0 job(s) have exited the queue
09/03/25 17:37:28 DAG status: 0 (DAG_STATUS_OK)
09/03/25 17:37:28 Of 3 nodes total:
09/03/25 17:37:28  Done     Pre   Queued    Post   Ready   Un-Ready   Failed   Futile
09/03/25 17:37:28   ===     ===      ===     ===     ===        ===      ===      ===
09/03/25 17:37:28     2       0        0       0       1          0        0        0
09/03/25 17:37:28 0 job proc(s) currently held
09/03/25 17:37:28 DAGMan Runtime Statistics: [EventCycleTimeAvg=0.000; EventCycleTimeMax=0.027; EventCycleTimeMin=0.000; EventCycleTimeStd=0.001; EventCycleTimeSum=0.545; SleepCycleTimeAvg=5.005; SleepCycleTimeMax=5.016; SleepCycleTimeMin=5.000; SleepCycleTimeStd=0.001; SleepCycleTimeSum=10150.462; SubmitCycleTimeAvg=0.000; SubmitCycleTimeMax=0.024; SubmitCycleTimeMin=0.000; SubmitCycleTimeStd=0.001; SubmitCycleTimeSum=0.039; EventCycleTimeCount=2028.000; SleepCycleTimeCount=2028.000; SubmitCycleTimeCount=2029.000; LogProcessCycleTimeAvg=0.003; LogProcessCycleTimeMax=0.006; LogProcessCycleTimeMin=0.002; LogProcessCycleTimeStd=0.002; LogProcessCycleTimeSum=0.019; LogProcessCycleTimeCount=6.000; ]
09/03/25 17:37:33 Submitting HTCondor Node G1124251_data0_1372281638-2548172_analysis_L1_final_result_arg_0 job(s)...
09/03/25 17:37:33 Submitting node G1124251_data0_1372281638-2548172_analysis_L1_final_result_arg_0 from file outdir/submit/G1124251_data0_1372281638-2548172_analysis_L1_final_result.submit using direct job submission
09/03/25 17:37:33 	assigned HTCondor ID (2630532.0.0)
09/03/25 17:37:33 Just submitted 1 job this cycle...
09/03/25 17:37:33 DAG status: 0 (DAG_STATUS_OK)
09/03/25 17:37:33 Of 3 nodes total:
09/03/25 17:37:33  Done     Pre   Queued    Post   Ready   Un-Ready   Failed   Futile
09/03/25 17:37:33   ===     ===      ===     ===     ===        ===      ===      ===
09/03/25 17:37:33     2       0        1       0       0          0        0        0
09/03/25 17:37:33 0 job proc(s) currently held
09/03/25 17:37:33 DAGMan Runtime Statistics: [EventCycleTimeAvg=0.000; EventCycleTimeMax=0.027; EventCycleTimeMin=0.000; EventCycleTimeStd=0.001; EventCycleTimeSum=0.556; SleepCycleTimeAvg=5.005; SleepCycleTimeMax=5.016; SleepCycleTimeMin=5.000; SleepCycleTimeStd=0.001; SleepCycleTimeSum=10155.467; SubmitCycleTimeAvg=0.000; SubmitCycleTimeMax=0.024; SubmitCycleTimeMin=0.000; SubmitCycleTimeStd=0.001; SubmitCycleTimeSum=0.055; EventCycleTimeCount=2029.000; SleepCycleTimeCount=2029.000; SubmitCycleTimeCount=2030.000; LogProcessCycleTimeAvg=0.003; LogProcessCycleTimeMax=0.006; LogProcessCycleTimeMin=0.002; LogProcessCycleTimeStd=0.002; LogProcessCycleTimeSum=0.019; LogProcessCycleTimeCount=6.000; ]
09/03/25 17:37:38 Currently monitoring 1 HTCondor log file(s)
09/03/25 17:37:38 Reassigning the id of job G1124251_data0_1372281638-2548172_analysis_L1_final_result_arg_0 from (2630532.0.0) to (2630532.0.0)
09/03/25 17:37:38 Event: ULOG_SUBMIT for HTCondor Node G1124251_data0_1372281638-2548172_analysis_L1_final_result_arg_0 (2630532.0.0) {09/03/25 17:37:33}
09/03/25 17:37:38 Number of idle job procs: 1
09/03/25 17:37:48 Currently monitoring 1 HTCondor log file(s)
09/03/25 17:37:48 Event: ULOG_EXECUTE for HTCondor Node G1124251_data0_1372281638-2548172_analysis_L1_final_result_arg_0 (2630532.0.0) {09/03/25 17:37:45}
09/03/25 17:37:48 Number of idle job procs: 0
09/03/25 17:37:53 Currently monitoring 1 HTCondor log file(s)
09/03/25 17:37:53 Event: ULOG_JOB_TERMINATED for HTCondor Node G1124251_data0_1372281638-2548172_analysis_L1_final_result_arg_0 (2630532.0.0) {09/03/25 17:37:51}
09/03/25 17:37:53 Number of idle job procs: 0
09/03/25 17:37:53 Node G1124251_data0_1372281638-2548172_analysis_L1_final_result_arg_0 job proc (2630532.0.0) completed successfully.
09/03/25 17:37:53 Node G1124251_data0_1372281638-2548172_analysis_L1_final_result_arg_0 job(s) have exited the queue
09/03/25 17:37:53 DAG status: 0 (DAG_STATUS_OK)
09/03/25 17:37:53 Of 3 nodes total:
09/03/25 17:37:53  Done     Pre   Queued    Post   Ready   Un-Ready   Failed   Futile
09/03/25 17:37:53   ===     ===      ===     ===     ===        ===      ===      ===
09/03/25 17:37:53     3       0        0       0       0          0        0        0
09/03/25 17:37:53 0 job proc(s) currently held
09/03/25 17:37:53 DAGMan Runtime Statistics: [EventCycleTimeAvg=0.000; EventCycleTimeMax=0.027; EventCycleTimeMin=0.000; EventCycleTimeStd=0.001; EventCycleTimeSum=0.583; SleepCycleTimeAvg=5.005; SleepCycleTimeMax=5.016; SleepCycleTimeMin=5.000; SleepCycleTimeStd=0.001; SleepCycleTimeSum=10175.484; SubmitCycleTimeAvg=0.000; SubmitCycleTimeMax=0.024; SubmitCycleTimeMin=0.000; SubmitCycleTimeStd=0.001; SubmitCycleTimeSum=0.055; EventCycleTimeCount=2033.000; SleepCycleTimeCount=2033.000; SubmitCycleTimeCount=2034.000; LogProcessCycleTimeAvg=0.003; LogProcessCycleTimeMax=0.006; LogProcessCycleTimeMin=0.002; LogProcessCycleTimeStd=0.001; LogProcessCycleTimeSum=0.030; LogProcessCycleTimeCount=9.000; ]
09/03/25 17:37:53 All jobs Completed!
09/03/25 17:37:53 Note: 0 total node deferrals because of -MaxJobs limit (0)
09/03/25 17:37:53 Note: 0 total node deferrals because of -MaxIdle limit (1000)
09/03/25 17:37:53 Note: 0 total node deferrals because of node category throttles
09/03/25 17:37:53 Note: 0 total PRE script deferrals because of -MaxPre limit (20) or DEFER
09/03/25 17:37:53 Note: 0 total POST script deferrals because of -MaxPost limit (20) or DEFER
09/03/25 17:37:53 Note: 0 total HOLD script deferrals because of -MaxHold limit (20) or DEFER
09/03/25 17:37:53 DAG status: 0 (DAG_STATUS_OK)
09/03/25 17:37:53 Of 3 nodes total:
09/03/25 17:37:53  Done     Pre   Queued    Post   Ready   Un-Ready   Failed   Futile
09/03/25 17:37:53   ===     ===      ===     ===     ===        ===      ===      ===
09/03/25 17:37:53     3       0        0       0       0          0        0        0
09/03/25 17:37:53 0 job proc(s) currently held
09/03/25 17:37:53 DAGMan Runtime Statistics: [EventCycleTimeAvg=0.000; EventCycleTimeMax=0.027; EventCycleTimeMin=0.000; EventCycleTimeStd=0.001; EventCycleTimeSum=0.583; SleepCycleTimeAvg=5.005; SleepCycleTimeMax=5.016; SleepCycleTimeMin=5.000; SleepCycleTimeStd=0.001; SleepCycleTimeSum=10175.484; SubmitCycleTimeAvg=0.000; SubmitCycleTimeMax=0.024; SubmitCycleTimeMin=0.000; SubmitCycleTimeStd=0.001; SubmitCycleTimeSum=0.055; EventCycleTimeCount=2033.000; SleepCycleTimeCount=2033.000; SubmitCycleTimeCount=2034.000; LogProcessCycleTimeAvg=0.003; LogProcessCycleTimeMax=0.006; LogProcessCycleTimeMin=0.002; LogProcessCycleTimeStd=0.001; LogProcessCycleTimeSum=0.030; LogProcessCycleTimeCount=9.000; ]
09/03/25 17:37:53 Wrote metrics file outdir/submit/dag_G1124251.submit.metrics.
09/03/25 17:37:53 DAGMan Runtime Statistics: [EventCycleTimeAvg=0.000; EventCycleTimeMax=0.027; EventCycleTimeMin=0.000; EventCycleTimeStd=0.001; EventCycleTimeSum=0.583; SleepCycleTimeAvg=5.005; SleepCycleTimeMax=5.016; SleepCycleTimeMin=5.000; SleepCycleTimeStd=0.001; SleepCycleTimeSum=10175.484; SubmitCycleTimeAvg=0.000; SubmitCycleTimeMax=0.024; SubmitCycleTimeMin=0.000; SubmitCycleTimeStd=0.001; SubmitCycleTimeSum=0.055; EventCycleTimeCount=2033.000; SleepCycleTimeCount=2033.000; SubmitCycleTimeCount=2034.000; LogProcessCycleTimeAvg=0.003; LogProcessCycleTimeMax=0.006; LogProcessCycleTimeMin=0.002; LogProcessCycleTimeStd=0.001; LogProcessCycleTimeSum=0.030; LogProcessCycleTimeCount=9.000; ]
09/03/25 17:37:53 **** condor_scheduniv_exec.2630114.0 (condor_DAGMAN) pid 1439842 EXITING WITH STATUS 0
